// Jest Snapshot v1, https://goo.gl/fbAQLP

exports[`<Modal /> with default props shoud match snapshot with default props 1`] = `
<WithStore>
  <Provider
    store={
      Object {
        "clearActions": [Function],
        "dispatch": [Function],
        "getActions": [Function],
        "getState": [Function],
        "replaceReducer": [Function],
        "subscribe": [Function],
      }
    }
  >
    <Modal />
  </Provider>
</WithStore>
`;
