// Jest Snapshot v1, https://goo.gl/fbAQLP

exports[`List Component Wrapper list component test 1`] = `
Array [
  <div
    className="spinner animations"
  >
    <div />
    <div />
    <div />
    <div />
  </div>,
  <div
    className="product-container"
  />,
]
`;

exports[`List Component Wrapper product list component test 1`] = `
<div
  className="product-item"
  data-sku="5891_1000058_0_PP"
>
  <div
    className="product-item__thumb"
  >
    <img
      src="https://d3l7rqep7l31az.cloudfront.net/images/products/20002648_029_catalog_1.jpg?1459552552"
    />
  </div>
  <p
    className="product-item__title"
  >
    CASACO WHITE FUR
  </p>
  <div
    className="product-item__price"
  >
    <div
      className="val"
    >
      
      <b>
        R$ 239,90
      </b>
    </div>
    <div
      className="installment"
    >
      <span>
        ou 
        3x R$ 79,97
      </span>
    </div>
  </div>
  <button
    className="product-item__buy-btn"
    onClick={[Function]}
  >
    Adicionar
  </button>
</div>
`;
